// Jest Snapshot v1, https://goo.gl/fbAQLP

exports[`AppHead component matches a snapshot 1`] = `
<SideEffect(Head)>
  <title>
    Head title
  </title>
  <link
    href="//cdnjs.cloudflare.com/ajax/libs/flexboxgrid/6.3.1/flexboxgrid.min.css"
    rel="stylesheet"
    type="text/css"
  />
  <link
    crossOrigin="anonymous"
    href="https://cdnjs.cloudflare.com/ajax/libs/foundation/6.4.1/css/foundation.min.css"
    rel="stylesheet"
  />
</SideEffect(Head)>
`;
